--------------------------------------------------------------------------------
Release 14.7 Trace  (lin64)
Copyright (c) 1995-2013 Xilinx, Inc.  All rights reserved.

/opt/Xilinx/14.7/ISE_DS/ISE/bin/lin64/unwrapped/trce -intstyle ise -v 3 -s 4 -n
3 -fastpaths -xml baseSchema.twx baseSchema.ncd -o baseSchema.twr
baseSchema.pcf -ucf GenIO.ucf -ucf LCD.ucf -ucf PS2_USB_SDC.ucf

Design file:              baseSchema.ncd
Physical constraint file: baseSchema.pcf
Device,package,speed:     xc3s500e,fg320,-4 (PRODUCTION 1.27 2013-10-13)
Report level:             verbose report

Environment Variable      Effect 
--------------------      ------ 
NONE                      No environment variables were set
--------------------------------------------------------------------------------

INFO:Timing:3412 - To improve timing, see the Timing Closure User Guide (UG612).
INFO:Timing:2752 - To get complete path coverage, use the unconstrained paths 
   option. All paths that are not constrained will be reported in the 
   unconstrained paths section(s) of the report.
INFO:Timing:3339 - The clock-to-out numbers in this timing report are based on 
   a 50 Ohm transmission line loading model.  For the details of this model, 
   and for more information on accounting for different loading conditions, 
   please see the device datasheet.
INFO:Timing:3390 - This architecture does not support a default System Jitter 
   value, please add SYSTEM_JITTER constraint to the UCF to modify the Clock 
   Uncertainty calculation.
INFO:Timing:3389 - This architecture does not support 'Discrete Jitter' and 
   'Phase Error' calculations, these terms will be zero in the Clock 
   Uncertainty calculation.  Please make appropriate modification to 
   SYSTEM_JITTER to account for the unsupported Discrete Jitter and Phase 
   Error.

================================================================================
Timing constraint: NET "Clk_50MHz_BUFGP/IBUFG" PERIOD = 20 ns HIGH 50%;
For more information, see Period Analysis in the Timing Closure User Guide (UG612).

 74941 paths analyzed, 2646 endpoints analyzed, 0 failing endpoints
 0 timing errors detected. (0 setup errors, 0 hold errors, 0 component switching limit errors)
 Minimum period is  13.349ns.
--------------------------------------------------------------------------------

Paths for end point XLXI_3/XLXI_94/adrSec_15 (SLICE_X14Y53.G4), 754 paths
--------------------------------------------------------------------------------
Slack (setup path):     6.651ns (requirement - (data path - clock path skew + uncertainty))
  Source:               XLXI_3/XLXI_94/State_17 (FF)
  Destination:          XLXI_3/XLXI_94/adrSec_15 (FF)
  Requirement:          20.000ns
  Data Path Delay:      13.336ns (Levels of Logic = 9)
  Clock Path Skew:      -0.013ns (0.074 - 0.087)
  Source Clock:         Clk_50MHz_BUFGP rising at 0.000ns
  Destination Clock:    Clk_50MHz_BUFGP rising at 20.000ns
  Clock Uncertainty:    0.000ns

  Maximum Data Path: XLXI_3/XLXI_94/State_17 to XLXI_3/XLXI_94/adrSec_15
    Location             Delay type         Delay(ns)  Physical Resource
                                                       Logical Resource(s)
    -------------------------------------------------  -------------------
    SLICE_X25Y47.YQ      Tcko                  0.587   XLXI_3/XLXI_94/State<17>
                                                       XLXI_3/XLXI_94/State_17
    SLICE_X23Y29.G1      net (fanout=79)       2.652   XLXI_3/XLXI_94/State<17>
    SLICE_X23Y29.Y       Tilo                  0.704   XLXI_3/XLXI_94/adrSec_mux0005<25>31
                                                       XLXI_3/XLXI_94/adrSec_or00001
    SLICE_X22Y30.G4      net (fanout=12)       0.478   XLXI_3/XLXI_94/adrSec_or0000
    SLICE_X22Y30.Y       Tilo                  0.759   XLXI_3/XLXI_94/adrSec_mux0005<26>16
                                                       XLXI_3/XLXI_94/adrSec_mux0005<25>25
    SLICE_X18Y33.G1      net (fanout=18)       1.233   XLXI_3/XLXI_94/N61
    SLICE_X18Y33.Y       Tilo                  0.759   XLXI_3/XLXI_94/adrSec_mux0005<23>
                                                       XLXI_3/XLXI_94/adrSec_mux0005<23>34
    SLICE_X18Y33.F3      net (fanout=2)        0.038   XLXI_3/XLXI_94/adrSec_mux0005<23>34
    SLICE_X18Y33.X       Tilo                  0.759   XLXI_3/XLXI_94/adrSec_mux0005<23>
                                                       XLXI_3/XLXI_94/adrSec_mux0005<23>44
    SLICE_X19Y34.BX      net (fanout=1)        0.406   XLXI_3/XLXI_94/adrSec_mux0005<23>
    SLICE_X19Y34.COUT    Tbxcy                 1.095   XLXI_3/XLXI_94/adrSec_share0000<8>
                                                       XLXI_3/XLXI_94/Madd_adrSec_share0000_cy<8>
                                                       XLXI_3/XLXI_94/Madd_adrSec_share0000_cy<9>
    SLICE_X19Y35.CIN     net (fanout=1)        0.000   XLXI_3/XLXI_94/Madd_adrSec_share0000_cy<9>
    SLICE_X19Y35.COUT    Tbyp                  0.118   XLXI_3/XLXI_94/adrSec_share0000<10>
                                                       XLXI_3/XLXI_94/Madd_adrSec_share0000_cy<10>
                                                       XLXI_3/XLXI_94/Madd_adrSec_share0000_cy<11>
    SLICE_X19Y36.CIN     net (fanout=1)        0.000   XLXI_3/XLXI_94/Madd_adrSec_share0000_cy<11>
    SLICE_X19Y36.COUT    Tbyp                  0.118   XLXI_3/XLXI_94/adrSec_share0000<12>
                                                       XLXI_3/XLXI_94/Madd_adrSec_share0000_cy<12>
                                                       XLXI_3/XLXI_94/Madd_adrSec_share0000_cy<13>
    SLICE_X19Y37.CIN     net (fanout=1)        0.000   XLXI_3/XLXI_94/Madd_adrSec_share0000_cy<13>
    SLICE_X19Y37.Y       Tciny                 0.869   XLXI_3/XLXI_94/adrSec_share0000<14>
                                                       XLXI_3/XLXI_94/Madd_adrSec_share0000_cy<14>
                                                       XLXI_3/XLXI_94/Madd_adrSec_share0000_xor<15>
    SLICE_X14Y53.G4      net (fanout=1)        1.869   XLXI_3/XLXI_94/adrSec_share0000<15>
    SLICE_X14Y53.CLK     Tgck                  0.892   XLXI_3/XLXI_94/adrSec<15>
                                                       XLXI_3/XLXI_94/adrSec_mux0004<15>23
                                                       XLXI_3/XLXI_94/adrSec_15
    -------------------------------------------------  ---------------------------
    Total                                     13.336ns (6.660ns logic, 6.676ns route)
                                                       (49.9% logic, 50.1% route)

--------------------------------------------------------------------------------
Slack (setup path):     6.730ns (requirement - (data path - clock path skew + uncertainty))
  Source:               XLXI_3/XLXI_94/State_17 (FF)
  Destination:          XLXI_3/XLXI_94/adrSec_15 (FF)
  Requirement:          20.000ns
  Data Path Delay:      13.257ns (Levels of Logic = 10)
  Clock Path Skew:      -0.013ns (0.074 - 0.087)
  Source Clock:         Clk_50MHz_BUFGP rising at 0.000ns
  Destination Clock:    Clk_50MHz_BUFGP rising at 20.000ns
  Clock Uncertainty:    0.000ns

  Maximum Data Path: XLXI_3/XLXI_94/State_17 to XLXI_3/XLXI_94/adrSec_15
    Location             Delay type         Delay(ns)  Physical Resource
                                                       Logical Resource(s)
    -------------------------------------------------  -------------------
    SLICE_X25Y47.YQ      Tcko                  0.587   XLXI_3/XLXI_94/State<17>
                                                       XLXI_3/XLXI_94/State_17
    SLICE_X23Y29.G1      net (fanout=79)       2.652   XLXI_3/XLXI_94/State<17>
    SLICE_X23Y29.Y       Tilo                  0.704   XLXI_3/XLXI_94/adrSec_mux0005<25>31
                                                       XLXI_3/XLXI_94/adrSec_or00001
    SLICE_X22Y30.G4      net (fanout=12)       0.478   XLXI_3/XLXI_94/adrSec_or0000
    SLICE_X22Y30.Y       Tilo                  0.759   XLXI_3/XLXI_94/adrSec_mux0005<26>16
                                                       XLXI_3/XLXI_94/adrSec_mux0005<25>25
    SLICE_X21Y33.G4      net (fanout=18)       0.947   XLXI_3/XLXI_94/N61
    SLICE_X21Y33.Y       Tilo                  0.704   XLXI_3/XLXI_94/adrSec_mux0005<24>
                                                       XLXI_3/XLXI_94/adrSec_mux0005<24>34
    SLICE_X21Y33.F4      net (fanout=2)        0.045   XLXI_3/XLXI_94/adrSec_mux0005<24>34
    SLICE_X21Y33.X       Tilo                  0.704   XLXI_3/XLXI_94/adrSec_mux0005<24>
                                                       XLXI_3/XLXI_94/adrSec_mux0005<24>44
    SLICE_X19Y33.BY      net (fanout=1)        0.721   XLXI_3/XLXI_94/adrSec_mux0005<24>
    SLICE_X19Y33.COUT    Tbycy                 0.972   XLXI_3/XLXI_94/adrSec_share0000<6>
                                                       XLXI_3/XLXI_94/Madd_adrSec_share0000_cy<7>
    SLICE_X19Y34.CIN     net (fanout=1)        0.000   XLXI_3/XLXI_94/Madd_adrSec_share0000_cy<7>
    SLICE_X19Y34.COUT    Tbyp                  0.118   XLXI_3/XLXI_94/adrSec_share0000<8>
                                                       XLXI_3/XLXI_94/Madd_adrSec_share0000_cy<8>
                                                       XLXI_3/XLXI_94/Madd_adrSec_share0000_cy<9>
    SLICE_X19Y35.CIN     net (fanout=1)        0.000   XLXI_3/XLXI_94/Madd_adrSec_share0000_cy<9>
    SLICE_X19Y35.COUT    Tbyp                  0.118   XLXI_3/XLXI_94/adrSec_share0000<10>
                                                       XLXI_3/XLXI_94/Madd_adrSec_share0000_cy<10>
                                                       XLXI_3/XLXI_94/Madd_adrSec_share0000_cy<11>
    SLICE_X19Y36.CIN     net (fanout=1)        0.000   XLXI_3/XLXI_94/Madd_adrSec_share0000_cy<11>
    SLICE_X19Y36.COUT    Tbyp                  0.118   XLXI_3/XLXI_94/adrSec_share0000<12>
                                                       XLXI_3/XLXI_94/Madd_adrSec_share0000_cy<12>
                                                       XLXI_3/XLXI_94/Madd_adrSec_share0000_cy<13>
    SLICE_X19Y37.CIN     net (fanout=1)        0.000   XLXI_3/XLXI_94/Madd_adrSec_share0000_cy<13>
    SLICE_X19Y37.Y       Tciny                 0.869   XLXI_3/XLXI_94/adrSec_share0000<14>
                                                       XLXI_3/XLXI_94/Madd_adrSec_share0000_cy<14>
                                                       XLXI_3/XLXI_94/Madd_adrSec_share0000_xor<15>
    SLICE_X14Y53.G4      net (fanout=1)        1.869   XLXI_3/XLXI_94/adrSec_share0000<15>
    SLICE_X14Y53.CLK     Tgck                  0.892   XLXI_3/XLXI_94/adrSec<15>
                                                       XLXI_3/XLXI_94/adrSec_mux0004<15>23
                                                       XLXI_3/XLXI_94/adrSec_15
    -------------------------------------------------  ---------------------------
    Total                                     13.257ns (6.545ns logic, 6.712ns route)
                                                       (49.4% logic, 50.6% route)

--------------------------------------------------------------------------------
Slack (setup path):     6.730ns (requirement - (data path - clock path skew + uncertainty))
  Source:               XLXI_3/XLXI_94/State_17 (FF)
  Destination:          XLXI_3/XLXI_94/adrSec_15 (FF)
  Requirement:          20.000ns
  Data Path Delay:      13.257ns (Levels of Logic = 11)
  Clock Path Skew:      -0.013ns (0.074 - 0.087)
  Source Clock:         Clk_50MHz_BUFGP rising at 0.000ns
  Destination Clock:    Clk_50MHz_BUFGP rising at 20.000ns
  Clock Uncertainty:    0.000ns

  Maximum Data Path: XLXI_3/XLXI_94/State_17 to XLXI_3/XLXI_94/adrSec_15
    Location             Delay type         Delay(ns)  Physical Resource
                                                       Logical Resource(s)
    -------------------------------------------------  -------------------
    SLICE_X25Y47.YQ      Tcko                  0.587   XLXI_3/XLXI_94/State<17>
                                                       XLXI_3/XLXI_94/State_17
    SLICE_X23Y29.G1      net (fanout=79)       2.652   XLXI_3/XLXI_94/State<17>
    SLICE_X23Y29.Y       Tilo                  0.704   XLXI_3/XLXI_94/adrSec_mux0005<25>31
                                                       XLXI_3/XLXI_94/adrSec_or00001
    SLICE_X22Y30.G4      net (fanout=12)       0.478   XLXI_3/XLXI_94/adrSec_or0000
    SLICE_X22Y30.Y       Tilo                  0.759   XLXI_3/XLXI_94/adrSec_mux0005<26>16
                                                       XLXI_3/XLXI_94/adrSec_mux0005<25>25
    SLICE_X22Y30.F4      net (fanout=18)       0.096   XLXI_3/XLXI_94/N61
    SLICE_X22Y30.X       Tilo                  0.759   XLXI_3/XLXI_94/adrSec_mux0005<26>16
                                                       XLXI_3/XLXI_94/adrSec_mux0005<26>16
    SLICE_X22Y32.F1      net (fanout=2)        0.430   XLXI_3/XLXI_94/adrSec_mux0005<26>16
    SLICE_X22Y32.X       Tilo                  0.759   XLXI_3/XLXI_94/adrSec_mux0005<26>
                                                       XLXI_3/XLXI_94/adrSec_mux0005<26>22
    SLICE_X19Y32.BY      net (fanout=1)        0.959   XLXI_3/XLXI_94/adrSec_mux0005<26>
    SLICE_X19Y32.COUT    Tbycy                 0.972   XLXI_3/XLXI_94/adrSec_share0000<4>
                                                       XLXI_3/XLXI_94/Madd_adrSec_share0000_cy<5>
    SLICE_X19Y33.CIN     net (fanout=1)        0.000   XLXI_3/XLXI_94/Madd_adrSec_share0000_cy<5>
    SLICE_X19Y33.COUT    Tbyp                  0.118   XLXI_3/XLXI_94/adrSec_share0000<6>
                                                       XLXI_3/XLXI_94/Madd_adrSec_share0000_cy<6>
                                                       XLXI_3/XLXI_94/Madd_adrSec_share0000_cy<7>
    SLICE_X19Y34.CIN     net (fanout=1)        0.000   XLXI_3/XLXI_94/Madd_adrSec_share0000_cy<7>
    SLICE_X19Y34.COUT    Tbyp                  0.118   XLXI_3/XLXI_94/adrSec_share0000<8>
                                                       XLXI_3/XLXI_94/Madd_adrSec_share0000_cy<8>
                                                       XLXI_3/XLXI_94/Madd_adrSec_share0000_cy<9>
    SLICE_X19Y35.CIN     net (fanout=1)        0.000   XLXI_3/XLXI_94/Madd_adrSec_share0000_cy<9>
    SLICE_X19Y35.COUT    Tbyp                  0.118   XLXI_3/XLXI_94/adrSec_share0000<10>
                                                       XLXI_3/XLXI_94/Madd_adrSec_share0000_cy<10>
                                                       XLXI_3/XLXI_94/Madd_adrSec_share0000_cy<11>
    SLICE_X19Y36.CIN     net (fanout=1)        0.000   XLXI_3/XLXI_94/Madd_adrSec_share0000_cy<11>
    SLICE_X19Y36.COUT    Tbyp                  0.118   XLXI_3/XLXI_94/adrSec_share0000<12>
                                                       XLXI_3/XLXI_94/Madd_adrSec_share0000_cy<12>
                                                       XLXI_3/XLXI_94/Madd_adrSec_share0000_cy<13>
    SLICE_X19Y37.CIN     net (fanout=1)        0.000   XLXI_3/XLXI_94/Madd_adrSec_share0000_cy<13>
    SLICE_X19Y37.Y       Tciny                 0.869   XLXI_3/XLXI_94/adrSec_share0000<14>
                                                       XLXI_3/XLXI_94/Madd_adrSec_share0000_cy<14>
                                                       XLXI_3/XLXI_94/Madd_adrSec_share0000_xor<15>
    SLICE_X14Y53.G4      net (fanout=1)        1.869   XLXI_3/XLXI_94/adrSec_share0000<15>
    SLICE_X14Y53.CLK     Tgck                  0.892   XLXI_3/XLXI_94/adrSec<15>
                                                       XLXI_3/XLXI_94/adrSec_mux0004<15>23
                                                       XLXI_3/XLXI_94/adrSec_15
    -------------------------------------------------  ---------------------------
    Total                                     13.257ns (6.773ns logic, 6.484ns route)
                                                       (51.1% logic, 48.9% route)

--------------------------------------------------------------------------------

Paths for end point XLXI_3/XLXI_94/adrSec_27 (SLICE_X16Y49.G1), 1372 paths
--------------------------------------------------------------------------------
Slack (setup path):     6.803ns (requirement - (data path - clock path skew + uncertainty))
  Source:               XLXI_3/XLXI_94/State_17 (FF)
  Destination:          XLXI_3/XLXI_94/adrSec_27 (FF)
  Requirement:          20.000ns
  Data Path Delay:      13.181ns (Levels of Logic = 10)
  Clock Path Skew:      -0.016ns (0.071 - 0.087)
  Source Clock:         Clk_50MHz_BUFGP rising at 0.000ns
  Destination Clock:    Clk_50MHz_BUFGP rising at 20.000ns
  Clock Uncertainty:    0.000ns

  Maximum Data Path: XLXI_3/XLXI_94/State_17 to XLXI_3/XLXI_94/adrSec_27
    Location             Delay type         Delay(ns)  Physical Resource
                                                       Logical Resource(s)
    -------------------------------------------------  -------------------
    SLICE_X25Y47.YQ      Tcko                  0.587   XLXI_3/XLXI_94/State<17>
                                                       XLXI_3/XLXI_94/State_17
    SLICE_X23Y29.G1      net (fanout=79)       2.652   XLXI_3/XLXI_94/State<17>
    SLICE_X23Y29.Y       Tilo                  0.704   XLXI_3/XLXI_94/adrSec_mux0005<25>31
                                                       XLXI_3/XLXI_94/adrSec_or00001
    SLICE_X22Y30.G4      net (fanout=12)       0.478   XLXI_3/XLXI_94/adrSec_or0000
    SLICE_X22Y30.Y       Tilo                  0.759   XLXI_3/XLXI_94/adrSec_mux0005<26>16
                                                       XLXI_3/XLXI_94/adrSec_mux0005<25>25
    SLICE_X24Y38.G4      net (fanout=18)       1.220   XLXI_3/XLXI_94/N61
    SLICE_X24Y38.Y       Tilo                  0.759   XLXI_3/XLXI_94/adrSec_mux0005<13>
                                                       XLXI_3/XLXI_94/adrSec_mux0005<13>34
    SLICE_X24Y38.F4      net (fanout=1)        0.023   XLXI_3/XLXI_94/adrSec_mux0005<13>34/O
    SLICE_X24Y38.X       Tilo                  0.759   XLXI_3/XLXI_94/adrSec_mux0005<13>
                                                       XLXI_3/XLXI_94/adrSec_mux0005<13>44
    SLICE_X19Y39.F1      net (fanout=1)        0.995   XLXI_3/XLXI_94/adrSec_mux0005<13>
    SLICE_X19Y39.COUT    Topcyf                1.162   XLXI_3/XLXI_94/adrSec_share0000<18>
                                                       XLXI_3/XLXI_94/Madd_adrSec_share0000_lut<18>
                                                       XLXI_3/XLXI_94/Madd_adrSec_share0000_cy<18>
                                                       XLXI_3/XLXI_94/Madd_adrSec_share0000_cy<19>
    SLICE_X19Y40.CIN     net (fanout=1)        0.000   XLXI_3/XLXI_94/Madd_adrSec_share0000_cy<19>
    SLICE_X19Y40.COUT    Tbyp                  0.118   XLXI_3/XLXI_94/adrSec_share0000<20>
                                                       XLXI_3/XLXI_94/Madd_adrSec_share0000_cy<20>
                                                       XLXI_3/XLXI_94/Madd_adrSec_share0000_cy<21>
    SLICE_X19Y41.CIN     net (fanout=1)        0.000   XLXI_3/XLXI_94/Madd_adrSec_share0000_cy<21>
    SLICE_X19Y41.COUT    Tbyp                  0.118   XLXI_3/XLXI_94/adrSec_share0000<22>
                                                       XLXI_3/XLXI_94/Madd_adrSec_share0000_cy<22>
                                                       XLXI_3/XLXI_94/Madd_adrSec_share0000_cy<23>
    SLICE_X19Y42.CIN     net (fanout=1)        0.000   XLXI_3/XLXI_94/Madd_adrSec_share0000_cy<23>
    SLICE_X19Y42.COUT    Tbyp                  0.118   XLXI_3/XLXI_94/adrSec_share0000<24>
                                                       XLXI_3/XLXI_94/Madd_adrSec_share0000_cy<24>
                                                       XLXI_3/XLXI_94/Madd_adrSec_share0000_cy<25>
    SLICE_X19Y43.CIN     net (fanout=1)        0.000   XLXI_3/XLXI_94/Madd_adrSec_share0000_cy<25>
    SLICE_X19Y43.Y       Tciny                 0.869   XLXI_3/XLXI_94/adrSec_share0000<26>
                                                       XLXI_3/XLXI_94/Madd_adrSec_share0000_cy<26>
                                                       XLXI_3/XLXI_94/Madd_adrSec_share0000_xor<27>
    SLICE_X16Y49.G1      net (fanout=1)        0.968   XLXI_3/XLXI_94/adrSec_share0000<27>
    SLICE_X16Y49.CLK     Tgck                  0.892   XLXI_3/XLXI_94/adrSec<27>
                                                       XLXI_3/XLXI_94/adrSec_mux0004<27>23
                                                       XLXI_3/XLXI_94/adrSec_27
    -------------------------------------------------  ---------------------------
    Total                                     13.181ns (6.845ns logic, 6.336ns route)
                                                       (51.9% logic, 48.1% route)

--------------------------------------------------------------------------------
Slack (setup path):     6.841ns (requirement - (data path - clock path skew + uncertainty))
  Source:               XLXI_3/XLXI_94/State_17 (FF)
  Destination:          XLXI_3/XLXI_94/adrSec_27 (FF)
  Requirement:          20.000ns
  Data Path Delay:      13.143ns (Levels of Logic = 15)
  Clock Path Skew:      -0.016ns (0.071 - 0.087)
  Source Clock:         Clk_50MHz_BUFGP rising at 0.000ns
  Destination Clock:    Clk_50MHz_BUFGP rising at 20.000ns
  Clock Uncertainty:    0.000ns

  Maximum Data Path: XLXI_3/XLXI_94/State_17 to XLXI_3/XLXI_94/adrSec_27
    Location             Delay type         Delay(ns)  Physical Resource
                                                       Logical Resource(s)
    -------------------------------------------------  -------------------
    SLICE_X25Y47.YQ      Tcko                  0.587   XLXI_3/XLXI_94/State<17>
                                                       XLXI_3/XLXI_94/State_17
    SLICE_X23Y29.G1      net (fanout=79)       2.652   XLXI_3/XLXI_94/State<17>
    SLICE_X23Y29.Y       Tilo                  0.704   XLXI_3/XLXI_94/adrSec_mux0005<25>31
                                                       XLXI_3/XLXI_94/adrSec_or00001
    SLICE_X22Y30.G4      net (fanout=12)       0.478   XLXI_3/XLXI_94/adrSec_or0000
    SLICE_X22Y30.Y       Tilo                  0.759   XLXI_3/XLXI_94/adrSec_mux0005<26>16
                                                       XLXI_3/XLXI_94/adrSec_mux0005<25>25
    SLICE_X18Y33.G1      net (fanout=18)       1.233   XLXI_3/XLXI_94/N61
    SLICE_X18Y33.Y       Tilo                  0.759   XLXI_3/XLXI_94/adrSec_mux0005<23>
                                                       XLXI_3/XLXI_94/adrSec_mux0005<23>34
    SLICE_X18Y33.F3      net (fanout=2)        0.038   XLXI_3/XLXI_94/adrSec_mux0005<23>34
    SLICE_X18Y33.X       Tilo                  0.759   XLXI_3/XLXI_94/adrSec_mux0005<23>
                                                       XLXI_3/XLXI_94/adrSec_mux0005<23>44
    SLICE_X19Y34.BX      net (fanout=1)        0.406   XLXI_3/XLXI_94/adrSec_mux0005<23>
    SLICE_X19Y34.COUT    Tbxcy                 1.095   XLXI_3/XLXI_94/adrSec_share0000<8>
                                                       XLXI_3/XLXI_94/Madd_adrSec_share0000_cy<8>
                                                       XLXI_3/XLXI_94/Madd_adrSec_share0000_cy<9>
    SLICE_X19Y35.CIN     net (fanout=1)        0.000   XLXI_3/XLXI_94/Madd_adrSec_share0000_cy<9>
    SLICE_X19Y35.COUT    Tbyp                  0.118   XLXI_3/XLXI_94/adrSec_share0000<10>
                                                       XLXI_3/XLXI_94/Madd_adrSec_share0000_cy<10>
                                                       XLXI_3/XLXI_94/Madd_adrSec_share0000_cy<11>
    SLICE_X19Y36.CIN     net (fanout=1)        0.000   XLXI_3/XLXI_94/Madd_adrSec_share0000_cy<11>
    SLICE_X19Y36.COUT    Tbyp                  0.118   XLXI_3/XLXI_94/adrSec_share0000<12>
                                                       XLXI_3/XLXI_94/Madd_adrSec_share0000_cy<12>
                                                       XLXI_3/XLXI_94/Madd_adrSec_share0000_cy<13>
    SLICE_X19Y37.CIN     net (fanout=1)        0.000   XLXI_3/XLXI_94/Madd_adrSec_share0000_cy<13>
    SLICE_X19Y37.COUT    Tbyp                  0.118   XLXI_3/XLXI_94/adrSec_share0000<14>
                                                       XLXI_3/XLXI_94/Madd_adrSec_share0000_cy<14>
                                                       XLXI_3/XLXI_94/Madd_adrSec_share0000_cy<15>
    SLICE_X19Y38.CIN     net (fanout=1)        0.000   XLXI_3/XLXI_94/Madd_adrSec_share0000_cy<15>
    SLICE_X19Y38.COUT    Tbyp                  0.118   XLXI_3/XLXI_94/adrSec_share0000<16>
                                                       XLXI_3/XLXI_94/Madd_adrSec_share0000_cy<16>
                                                       XLXI_3/XLXI_94/Madd_adrSec_share0000_cy<17>
    SLICE_X19Y39.CIN     net (fanout=1)        0.000   XLXI_3/XLXI_94/Madd_adrSec_share0000_cy<17>
    SLICE_X19Y39.COUT    Tbyp                  0.118   XLXI_3/XLXI_94/adrSec_share0000<18>
                                                       XLXI_3/XLXI_94/Madd_adrSec_share0000_cy<18>
                                                       XLXI_3/XLXI_94/Madd_adrSec_share0000_cy<19>
    SLICE_X19Y40.CIN     net (fanout=1)        0.000   XLXI_3/XLXI_94/Madd_adrSec_share0000_cy<19>
    SLICE_X19Y40.COUT    Tbyp                  0.118   XLXI_3/XLXI_94/adrSec_share0000<20>
                                                       XLXI_3/XLXI_94/Madd_adrSec_share0000_cy<20>
                                                       XLXI_3/XLXI_94/Madd_adrSec_share0000_cy<21>
    SLICE_X19Y41.CIN     net (fanout=1)        0.000   XLXI_3/XLXI_94/Madd_adrSec_share0000_cy<21>
    SLICE_X19Y41.COUT    Tbyp                  0.118   XLXI_3/XLXI_94/adrSec_share0000<22>
                                                       XLXI_3/XLXI_94/Madd_adrSec_share0000_cy<22>
                                                       XLXI_3/XLXI_94/Madd_adrSec_share0000_cy<23>
    SLICE_X19Y42.CIN     net (fanout=1)        0.000   XLXI_3/XLXI_94/Madd_adrSec_share0000_cy<23>
    SLICE_X19Y42.COUT    Tbyp                  0.118   XLXI_3/XLXI_94/adrSec_share0000<24>
                                                       XLXI_3/XLXI_94/Madd_adrSec_share0000_cy<24>
                                                       XLXI_3/XLXI_94/Madd_adrSec_share0000_cy<25>
    SLICE_X19Y43.CIN     net (fanout=1)        0.000   XLXI_3/XLXI_94/Madd_adrSec_share0000_cy<25>
    SLICE_X19Y43.Y       Tciny                 0.869   XLXI_3/XLXI_94/adrSec_share0000<26>
                                                       XLXI_3/XLXI_94/Madd_adrSec_share0000_cy<26>
                                                       XLXI_3/XLXI_94/Madd_adrSec_share0000_xor<27>
    SLICE_X16Y49.G1      net (fanout=1)        0.968   XLXI_3/XLXI_94/adrSec_share0000<27>
    SLICE_X16Y49.CLK     Tgck                  0.892   XLXI_3/XLXI_94/adrSec<27>
                                                       XLXI_3/XLXI_94/adrSec_mux0004<27>23
                                                       XLXI_3/XLXI_94/adrSec_27
    -------------------------------------------------  ---------------------------
    Total                                     13.143ns (7.368ns logic, 5.775ns route)
                                                       (56.1% logic, 43.9% route)

--------------------------------------------------------------------------------
Slack (setup path):     6.920ns (requirement - (data path - clock path skew + uncertainty))
  Source:               XLXI_3/XLXI_94/State_17 (FF)
  Destination:          XLXI_3/XLXI_94/adrSec_27 (FF)
  Requirement:          20.000ns
  Data Path Delay:      13.064ns (Levels of Logic = 17)
  Clock Path Skew:      -0.016ns (0.071 - 0.087)
  Source Clock:         Clk_50MHz_BUFGP rising at 0.000ns
  Destination Clock:    Clk_50MHz_BUFGP rising at 20.000ns
  Clock Uncertainty:    0.000ns

  Maximum Data Path: XLXI_3/XLXI_94/State_17 to XLXI_3/XLXI_94/adrSec_27
    Location             Delay type         Delay(ns)  Physical Resource
                                                       Logical Resource(s)
    -------------------------------------------------  -------------------
    SLICE_X25Y47.YQ      Tcko                  0.587   XLXI_3/XLXI_94/State<17>
                                                       XLXI_3/XLXI_94/State_17
    SLICE_X23Y29.G1      net (fanout=79)       2.652   XLXI_3/XLXI_94/State<17>
    SLICE_X23Y29.Y       Tilo                  0.704   XLXI_3/XLXI_94/adrSec_mux0005<25>31
                                                       XLXI_3/XLXI_94/adrSec_or00001
    SLICE_X22Y30.G4      net (fanout=12)       0.478   XLXI_3/XLXI_94/adrSec_or0000
    SLICE_X22Y30.Y       Tilo                  0.759   XLXI_3/XLXI_94/adrSec_mux0005<26>16
                                                       XLXI_3/XLXI_94/adrSec_mux0005<25>25
    SLICE_X22Y30.F4      net (fanout=18)       0.096   XLXI_3/XLXI_94/N61
    SLICE_X22Y30.X       Tilo                  0.759   XLXI_3/XLXI_94/adrSec_mux0005<26>16
                                                       XLXI_3/XLXI_94/adrSec_mux0005<26>16
    SLICE_X22Y32.F1      net (fanout=2)        0.430   XLXI_3/XLXI_94/adrSec_mux0005<26>16
    SLICE_X22Y32.X       Tilo                  0.759   XLXI_3/XLXI_94/adrSec_mux0005<26>
                                                       XLXI_3/XLXI_94/adrSec_mux0005<26>22
    SLICE_X19Y32.BY      net (fanout=1)        0.959   XLXI_3/XLXI_94/adrSec_mux0005<26>
    SLICE_X19Y32.COUT    Tbycy                 0.972   XLXI_3/XLXI_94/adrSec_share0000<4>
                                                       XLXI_3/XLXI_94/Madd_adrSec_share0000_cy<5>
    SLICE_X19Y33.CIN     net (fanout=1)        0.000   XLXI_3/XLXI_94/Madd_adrSec_share0000_cy<5>
    SLICE_X19Y33.COUT    Tbyp                  0.118   XLXI_3/XLXI_94/adrSec_share0000<6>
                                                       XLXI_3/XLXI_94/Madd_adrSec_share0000_cy<6>
                                                       XLXI_3/XLXI_94/Madd_adrSec_share0000_cy<7>
    SLICE_X19Y34.CIN     net (fanout=1)        0.000   XLXI_3/XLXI_94/Madd_adrSec_share0000_cy<7>
    SLICE_X19Y34.COUT    Tbyp                  0.118   XLXI_3/XLXI_94/adrSec_share0000<8>
                                                       XLXI_3/XLXI_94/Madd_adrSec_share0000_cy<8>
                                                       XLXI_3/XLXI_94/Madd_adrSec_share0000_cy<9>
    SLICE_X19Y35.CIN     net (fanout=1)        0.000   XLXI_3/XLXI_94/Madd_adrSec_share0000_cy<9>
    SLICE_X19Y35.COUT    Tbyp                  0.118   XLXI_3/XLXI_94/adrSec_share0000<10>
                                                       XLXI_3/XLXI_94/Madd_adrSec_share0000_cy<10>
                                                       XLXI_3/XLXI_94/Madd_adrSec_share0000_cy<11>
    SLICE_X19Y36.CIN     net (fanout=1)        0.000   XLXI_3/XLXI_94/Madd_adrSec_share0000_cy<11>
    SLICE_X19Y36.COUT    Tbyp                  0.118   XLXI_3/XLXI_94/adrSec_share0000<12>
                                                       XLXI_3/XLXI_94/Madd_adrSec_share0000_cy<12>
                                                       XLXI_3/XLXI_94/Madd_adrSec_share0000_cy<13>
    SLICE_X19Y37.CIN     net (fanout=1)        0.000   XLXI_3/XLXI_94/Madd_adrSec_share0000_cy<13>
    SLICE_X19Y37.COUT    Tbyp                  0.118   XLXI_3/XLXI_94/adrSec_share0000<14>
                                                       XLXI_3/XLXI_94/Madd_adrSec_share0000_cy<14>
                                                       XLXI_3/XLXI_94/Madd_adrSec_share0000_cy<15>
    SLICE_X19Y38.CIN     net (fanout=1)        0.000   XLXI_3/XLXI_94/Madd_adrSec_share0000_cy<15>
    SLICE_X19Y38.COUT    Tbyp                  0.118   XLXI_3/XLXI_94/adrSec_share0000<16>
                                                       XLXI_3/XLXI_94/Madd_adrSec_share0000_cy<16>
                                                       XLXI_3/XLXI_94/Madd_adrSec_share0000_cy<17>
    SLICE_X19Y39.CIN     net (fanout=1)        0.000   XLXI_3/XLXI_94/Madd_adrSec_share0000_cy<17>
    SLICE_X19Y39.COUT    Tbyp                  0.118   XLXI_3/XLXI_94/adrSec_share0000<18>
                                                       XLXI_3/XLXI_94/Madd_adrSec_share0000_cy<18>
                                                       XLXI_3/XLXI_94/Madd_adrSec_share0000_cy<19>
    SLICE_X19Y40.CIN     net (fanout=1)        0.000   XLXI_3/XLXI_94/Madd_adrSec_share0000_cy<19>
    SLICE_X19Y40.COUT    Tbyp                  0.118   XLXI_3/XLXI_94/adrSec_share0000<20>
                                                       XLXI_3/XLXI_94/Madd_adrSec_share0000_cy<20>
                                                       XLXI_3/XLXI_94/Madd_adrSec_share0000_cy<21>
    SLICE_X19Y41.CIN     net (fanout=1)        0.000   XLXI_3/XLXI_94/Madd_adrSec_share0000_cy<21>
    SLICE_X19Y41.COUT    Tbyp                  0.118   XLXI_3/XLXI_94/adrSec_share0000<22>
                                                       XLXI_3/XLXI_94/Madd_adrSec_share0000_cy<22>
                                                       XLXI_3/XLXI_94/Madd_adrSec_share0000_cy<23>
    SLICE_X19Y42.CIN     net (fanout=1)        0.000   XLXI_3/XLXI_94/Madd_adrSec_share0000_cy<23>
    SLICE_X19Y42.COUT    Tbyp                  0.118   XLXI_3/XLXI_94/adrSec_share0000<24>
                                                       XLXI_3/XLXI_94/Madd_adrSec_share0000_cy<24>
                                                       XLXI_3/XLXI_94/Madd_adrSec_share0000_cy<25>
    SLICE_X19Y43.CIN     net (fanout=1)        0.000   XLXI_3/XLXI_94/Madd_adrSec_share0000_cy<25>
    SLICE_X19Y43.Y       Tciny                 0.869   XLXI_3/XLXI_94/adrSec_share0000<26>
                                                       XLXI_3/XLXI_94/Madd_adrSec_share0000_cy<26>
                                                       XLXI_3/XLXI_94/Madd_adrSec_share0000_xor<27>
    SLICE_X16Y49.G1      net (fanout=1)        0.968   XLXI_3/XLXI_94/adrSec_share0000<27>
    SLICE_X16Y49.CLK     Tgck                  0.892   XLXI_3/XLXI_94/adrSec<27>
                                                       XLXI_3/XLXI_94/adrSec_mux0004<27>23
                                                       XLXI_3/XLXI_94/adrSec_27
    -------------------------------------------------  ---------------------------
    Total                                     13.064ns (7.481ns logic, 5.583ns route)
                                                       (57.3% logic, 42.7% route)

--------------------------------------------------------------------------------

Paths for end point XLXI_3/XLXI_94/adrSec_23 (SLICE_X16Y50.G1), 1184 paths
--------------------------------------------------------------------------------
Slack (setup path):     6.978ns (requirement - (data path - clock path skew + uncertainty))
  Source:               XLXI_3/XLXI_94/State_17 (FF)
  Destination:          XLXI_3/XLXI_94/adrSec_23 (FF)
  Requirement:          20.000ns
  Data Path Delay:      13.004ns (Levels of Logic = 8)
  Clock Path Skew:      -0.018ns (0.069 - 0.087)
  Source Clock:         Clk_50MHz_BUFGP rising at 0.000ns
  Destination Clock:    Clk_50MHz_BUFGP rising at 20.000ns
  Clock Uncertainty:    0.000ns

  Maximum Data Path: XLXI_3/XLXI_94/State_17 to XLXI_3/XLXI_94/adrSec_23
    Location             Delay type         Delay(ns)  Physical Resource
                                                       Logical Resource(s)
    -------------------------------------------------  -------------------
    SLICE_X25Y47.YQ      Tcko                  0.587   XLXI_3/XLXI_94/State<17>
                                                       XLXI_3/XLXI_94/State_17
    SLICE_X23Y29.G1      net (fanout=79)       2.652   XLXI_3/XLXI_94/State<17>
    SLICE_X23Y29.Y       Tilo                  0.704   XLXI_3/XLXI_94/adrSec_mux0005<25>31
                                                       XLXI_3/XLXI_94/adrSec_or00001
    SLICE_X22Y30.G4      net (fanout=12)       0.478   XLXI_3/XLXI_94/adrSec_or0000
    SLICE_X22Y30.Y       Tilo                  0.759   XLXI_3/XLXI_94/adrSec_mux0005<26>16
                                                       XLXI_3/XLXI_94/adrSec_mux0005<25>25
    SLICE_X24Y38.G4      net (fanout=18)       1.220   XLXI_3/XLXI_94/N61
    SLICE_X24Y38.Y       Tilo                  0.759   XLXI_3/XLXI_94/adrSec_mux0005<13>
                                                       XLXI_3/XLXI_94/adrSec_mux0005<13>34
    SLICE_X24Y38.F4      net (fanout=1)        0.023   XLXI_3/XLXI_94/adrSec_mux0005<13>34/O
    SLICE_X24Y38.X       Tilo                  0.759   XLXI_3/XLXI_94/adrSec_mux0005<13>
                                                       XLXI_3/XLXI_94/adrSec_mux0005<13>44
    SLICE_X19Y39.F1      net (fanout=1)        0.995   XLXI_3/XLXI_94/adrSec_mux0005<13>
    SLICE_X19Y39.COUT    Topcyf                1.162   XLXI_3/XLXI_94/adrSec_share0000<18>
                                                       XLXI_3/XLXI_94/Madd_adrSec_share0000_lut<18>
                                                       XLXI_3/XLXI_94/Madd_adrSec_share0000_cy<18>
                                                       XLXI_3/XLXI_94/Madd_adrSec_share0000_cy<19>
    SLICE_X19Y40.CIN     net (fanout=1)        0.000   XLXI_3/XLXI_94/Madd_adrSec_share0000_cy<19>
    SLICE_X19Y40.COUT    Tbyp                  0.118   XLXI_3/XLXI_94/adrSec_share0000<20>
                                                       XLXI_3/XLXI_94/Madd_adrSec_share0000_cy<20>
                                                       XLXI_3/XLXI_94/Madd_adrSec_share0000_cy<21>
    SLICE_X19Y41.CIN     net (fanout=1)        0.000   XLXI_3/XLXI_94/Madd_adrSec_share0000_cy<21>
    SLICE_X19Y41.Y       Tciny                 0.869   XLXI_3/XLXI_94/adrSec_share0000<22>
                                                       XLXI_3/XLXI_94/Madd_adrSec_share0000_cy<22>
                                                       XLXI_3/XLXI_94/Madd_adrSec_share0000_xor<23>
    SLICE_X16Y50.G1      net (fanout=1)        1.027   XLXI_3/XLXI_94/adrSec_share0000<23>
    SLICE_X16Y50.CLK     Tgck                  0.892   XLXI_3/XLXI_94/adrSec<23>
                                                       XLXI_3/XLXI_94/adrSec_mux0004<23>23
                                                       XLXI_3/XLXI_94/adrSec_23
    -------------------------------------------------  ---------------------------
    Total                                     13.004ns (6.609ns logic, 6.395ns route)
                                                       (50.8% logic, 49.2% route)

--------------------------------------------------------------------------------
Slack (setup path):     7.016ns (requirement - (data path - clock path skew + uncertainty))
  Source:               XLXI_3/XLXI_94/State_17 (FF)
  Destination:          XLXI_3/XLXI_94/adrSec_23 (FF)
  Requirement:          20.000ns
  Data Path Delay:      12.966ns (Levels of Logic = 13)
  Clock Path Skew:      -0.018ns (0.069 - 0.087)
  Source Clock:         Clk_50MHz_BUFGP rising at 0.000ns
  Destination Clock:    Clk_50MHz_BUFGP rising at 20.000ns
  Clock Uncertainty:    0.000ns

  Maximum Data Path: XLXI_3/XLXI_94/State_17 to XLXI_3/XLXI_94/adrSec_23
    Location             Delay type         Delay(ns)  Physical Resource
                                                       Logical Resource(s)
    -------------------------------------------------  -------------------
    SLICE_X25Y47.YQ      Tcko                  0.587   XLXI_3/XLXI_94/State<17>
                                                       XLXI_3/XLXI_94/State_17
    SLICE_X23Y29.G1      net (fanout=79)       2.652   XLXI_3/XLXI_94/State<17>
    SLICE_X23Y29.Y       Tilo                  0.704   XLXI_3/XLXI_94/adrSec_mux0005<25>31
                                                       XLXI_3/XLXI_94/adrSec_or00001
    SLICE_X22Y30.G4      net (fanout=12)       0.478   XLXI_3/XLXI_94/adrSec_or0000
    SLICE_X22Y30.Y       Tilo                  0.759   XLXI_3/XLXI_94/adrSec_mux0005<26>16
                                                       XLXI_3/XLXI_94/adrSec_mux0005<25>25
    SLICE_X18Y33.G1      net (fanout=18)       1.233   XLXI_3/XLXI_94/N61
    SLICE_X18Y33.Y       Tilo                  0.759   XLXI_3/XLXI_94/adrSec_mux0005<23>
                                                       XLXI_3/XLXI_94/adrSec_mux0005<23>34
    SLICE_X18Y33.F3      net (fanout=2)        0.038   XLXI_3/XLXI_94/adrSec_mux0005<23>34
    SLICE_X18Y33.X       Tilo                  0.759   XLXI_3/XLXI_94/adrSec_mux0005<23>
                                                       XLXI_3/XLXI_94/adrSec_mux0005<23>44
    SLICE_X19Y34.BX      net (fanout=1)        0.406   XLXI_3/XLXI_94/adrSec_mux0005<23>
    SLICE_X19Y34.COUT    Tbxcy                 1.095   XLXI_3/XLXI_94/adrSec_share0000<8>
                                                       XLXI_3/XLXI_94/Madd_adrSec_share0000_cy<8>
                                                       XLXI_3/XLXI_94/Madd_adrSec_share0000_cy<9>
    SLICE_X19Y35.CIN     net (fanout=1)        0.000   XLXI_3/XLXI_94/Madd_adrSec_share0000_cy<9>
    SLICE_X19Y35.COUT    Tbyp                  0.118   XLXI_3/XLXI_94/adrSec_share0000<10>
                                                       XLXI_3/XLXI_94/Madd_adrSec_share0000_cy<10>
                                                       XLXI_3/XLXI_94/Madd_adrSec_share0000_cy<11>
    SLICE_X19Y36.CIN     net (fanout=1)        0.000   XLXI_3/XLXI_94/Madd_adrSec_share0000_cy<11>
    SLICE_X19Y36.COUT    Tbyp                  0.118   XLXI_3/XLXI_94/adrSec_share0000<12>
                                                       XLXI_3/XLXI_94/Madd_adrSec_share0000_cy<12>
                                                       XLXI_3/XLXI_94/Madd_adrSec_share0000_cy<13>
    SLICE_X19Y37.CIN     net (fanout=1)        0.000   XLXI_3/XLXI_94/Madd_adrSec_share0000_cy<13>
    SLICE_X19Y37.COUT    Tbyp                  0.118   XLXI_3/XLXI_94/adrSec_share0000<14>
                                                       XLXI_3/XLXI_94/Madd_adrSec_share0000_cy<14>
                                                       XLXI_3/XLXI_94/Madd_adrSec_share0000_cy<15>
    SLICE_X19Y38.CIN     net (fanout=1)        0.000   XLXI_3/XLXI_94/Madd_adrSec_share0000_cy<15>
    SLICE_X19Y38.COUT    Tbyp                  0.118   XLXI_3/XLXI_94/adrSec_share0000<16>
                                                       XLXI_3/XLXI_94/Madd_adrSec_share0000_cy<16>
                                                       XLXI_3/XLXI_94/Madd_adrSec_share0000_cy<17>
    SLICE_X19Y39.CIN     net (fanout=1)        0.000   XLXI_3/XLXI_94/Madd_adrSec_share0000_cy<17>
    SLICE_X19Y39.COUT    Tbyp                  0.118   XLXI_3/XLXI_94/adrSec_share0000<18>
                                                       XLXI_3/XLXI_94/Madd_adrSec_share0000_cy<18>
                                                       XLXI_3/XLXI_94/Madd_adrSec_share0000_cy<19>
    SLICE_X19Y40.CIN     net (fanout=1)        0.000   XLXI_3/XLXI_94/Madd_adrSec_share0000_cy<19>
    SLICE_X19Y40.COUT    Tbyp                  0.118   XLXI_3/XLXI_94/adrSec_share0000<20>
                                                       XLXI_3/XLXI_94/Madd_adrSec_share0000_cy<20>
                                                       XLXI_3/XLXI_94/Madd_adrSec_share0000_cy<21>
    SLICE_X19Y41.CIN     net (fanout=1)        0.000   XLXI_3/XLXI_94/Madd_adrSec_share0000_cy<21>
    SLICE_X19Y41.Y       Tciny                 0.869   XLXI_3/XLXI_94/adrSec_share0000<22>
                                                       XLXI_3/XLXI_94/Madd_adrSec_share0000_cy<22>
                                                       XLXI_3/XLXI_94/Madd_adrSec_share0000_xor<23>
    SLICE_X16Y50.G1      net (fanout=1)        1.027   XLXI_3/XLXI_94/adrSec_share0000<23>
    SLICE_X16Y50.CLK     Tgck                  0.892   XLXI_3/XLXI_94/adrSec<23>
                                                       XLXI_3/XLXI_94/adrSec_mux0004<23>23
                                                       XLXI_3/XLXI_94/adrSec_23
    -------------------------------------------------  ---------------------------
    Total                                     12.966ns (7.132ns logic, 5.834ns route)
                                                       (55.0% logic, 45.0% route)

--------------------------------------------------------------------------------
Slack (setup path):     7.095ns (requirement - (data path - clock path skew + uncertainty))
  Source:               XLXI_3/XLXI_94/State_17 (FF)
  Destination:          XLXI_3/XLXI_94/adrSec_23 (FF)
  Requirement:          20.000ns
  Data Path Delay:      12.887ns (Levels of Logic = 15)
  Clock Path Skew:      -0.018ns (0.069 - 0.087)
  Source Clock:         Clk_50MHz_BUFGP rising at 0.000ns
  Destination Clock:    Clk_50MHz_BUFGP rising at 20.000ns
  Clock Uncertainty:    0.000ns

  Maximum Data Path: XLXI_3/XLXI_94/State_17 to XLXI_3/XLXI_94/adrSec_23
    Location             Delay type         Delay(ns)  Physical Resource
                                                       Logical Resource(s)
    -------------------------------------------------  -------------------
    SLICE_X25Y47.YQ      Tcko                  0.587   XLXI_3/XLXI_94/State<17>
                                                       XLXI_3/XLXI_94/State_17
    SLICE_X23Y29.G1      net (fanout=79)       2.652   XLXI_3/XLXI_94/State<17>
    SLICE_X23Y29.Y       Tilo                  0.704   XLXI_3/XLXI_94/adrSec_mux0005<25>31
                                                       XLXI_3/XLXI_94/adrSec_or00001
    SLICE_X22Y30.G4      net (fanout=12)       0.478   XLXI_3/XLXI_94/adrSec_or0000
    SLICE_X22Y30.Y       Tilo                  0.759   XLXI_3/XLXI_94/adrSec_mux0005<26>16
                                                       XLXI_3/XLXI_94/adrSec_mux0005<25>25
    SLICE_X22Y30.F4      net (fanout=18)       0.096   XLXI_3/XLXI_94/N61
    SLICE_X22Y30.X       Tilo                  0.759   XLXI_3/XLXI_94/adrSec_mux0005<26>16
                                                       XLXI_3/XLXI_94/adrSec_mux0005<26>16
    SLICE_X22Y32.F1      net (fanout=2)        0.430   XLXI_3/XLXI_94/adrSec_mux0005<26>16
    SLICE_X22Y32.X       Tilo                  0.759   XLXI_3/XLXI_94/adrSec_mux0005<26>
                                                       XLXI_3/XLXI_94/adrSec_mux0005<26>22
    SLICE_X19Y32.BY      net (fanout=1)        0.959   XLXI_3/XLXI_94/adrSec_mux0005<26>
    SLICE_X19Y32.COUT    Tbycy                 0.972   XLXI_3/XLXI_94/adrSec_share0000<4>
                                                       XLXI_3/XLXI_94/Madd_adrSec_share0000_cy<5>
    SLICE_X19Y33.CIN     net (fanout=1)        0.000   XLXI_3/XLXI_94/Madd_adrSec_share0000_cy<5>
    SLICE_X19Y33.COUT    Tbyp                  0.118   XLXI_3/XLXI_94/adrSec_share0000<6>
                                                       XLXI_3/XLXI_94/Madd_adrSec_share0000_cy<6>
                                                       XLXI_3/XLXI_94/Madd_adrSec_share0000_cy<7>
    SLICE_X19Y34.CIN     net (fanout=1)        0.000   XLXI_3/XLXI_94/Madd_adrSec_share0000_cy<7>
    SLICE_X19Y34.COUT    Tbyp                  0.118   XLXI_3/XLXI_94/adrSec_share0000<8>
                                                       XLXI_3/XLXI_94/Madd_adrSec_share0000_cy<8>
                                                       XLXI_3/XLXI_94/Madd_adrSec_share0000_cy<9>
    SLICE_X19Y35.CIN     net (fanout=1)        0.000   XLXI_3/XLXI_94/Madd_adrSec_share0000_cy<9>
    SLICE_X19Y35.COUT    Tbyp                  0.118   XLXI_3/XLXI_94/adrSec_share0000<10>
                                                       XLXI_3/XLXI_94/Madd_adrSec_share0000_cy<10>
                                                       XLXI_3/XLXI_94/Madd_adrSec_share0000_cy<11>
    SLICE_X19Y36.CIN     net (fanout=1)        0.000   XLXI_3/XLXI_94/Madd_adrSec_share0000_cy<11>
    SLICE_X19Y36.COUT    Tbyp                  0.118   XLXI_3/XLXI_94/adrSec_share0000<12>
                                                       XLXI_3/XLXI_94/Madd_adrSec_share0000_cy<12>
                                                       XLXI_3/XLXI_94/Madd_adrSec_share0000_cy<13>
    SLICE_X19Y37.CIN     net (fanout=1)        0.000   XLXI_3/XLXI_94/Madd_adrSec_share0000_cy<13>
    SLICE_X19Y37.COUT    Tbyp                  0.118   XLXI_3/XLXI_94/adrSec_share0000<14>
                                                       XLXI_3/XLXI_94/Madd_adrSec_share0000_cy<14>
                                                       XLXI_3/XLXI_94/Madd_adrSec_share0000_cy<15>
    SLICE_X19Y38.CIN     net (fanout=1)        0.000   XLXI_3/XLXI_94/Madd_adrSec_share0000_cy<15>
    SLICE_X19Y38.COUT    Tbyp                  0.118   XLXI_3/XLXI_94/adrSec_share0000<16>
                                                       XLXI_3/XLXI_94/Madd_adrSec_share0000_cy<16>
                                                       XLXI_3/XLXI_94/Madd_adrSec_share0000_cy<17>
    SLICE_X19Y39.CIN     net (fanout=1)        0.000   XLXI_3/XLXI_94/Madd_adrSec_share0000_cy<17>
    SLICE_X19Y39.COUT    Tbyp                  0.118   XLXI_3/XLXI_94/adrSec_share0000<18>
                                                       XLXI_3/XLXI_94/Madd_adrSec_share0000_cy<18>
                                                       XLXI_3/XLXI_94/Madd_adrSec_share0000_cy<19>
    SLICE_X19Y40.CIN     net (fanout=1)        0.000   XLXI_3/XLXI_94/Madd_adrSec_share0000_cy<19>
    SLICE_X19Y40.COUT    Tbyp                  0.118   XLXI_3/XLXI_94/adrSec_share0000<20>
                                                       XLXI_3/XLXI_94/Madd_adrSec_share0000_cy<20>
                                                       XLXI_3/XLXI_94/Madd_adrSec_share0000_cy<21>
    SLICE_X19Y41.CIN     net (fanout=1)        0.000   XLXI_3/XLXI_94/Madd_adrSec_share0000_cy<21>
    SLICE_X19Y41.Y       Tciny                 0.869   XLXI_3/XLXI_94/adrSec_share0000<22>
                                                       XLXI_3/XLXI_94/Madd_adrSec_share0000_cy<22>
                                                       XLXI_3/XLXI_94/Madd_adrSec_share0000_xor<23>
    SLICE_X16Y50.G1      net (fanout=1)        1.027   XLXI_3/XLXI_94/adrSec_share0000<23>
    SLICE_X16Y50.CLK     Tgck                  0.892   XLXI_3/XLXI_94/adrSec<23>
                                                       XLXI_3/XLXI_94/adrSec_mux0004<23>23
                                                       XLXI_3/XLXI_94/adrSec_23
    -------------------------------------------------  ---------------------------
    Total                                     12.887ns (7.245ns logic, 5.642ns route)
                                                       (56.2% logic, 43.8% route)

--------------------------------------------------------------------------------

Hold Paths: NET "Clk_50MHz_BUFGP/IBUFG" PERIOD = 20 ns HIGH 50%;
--------------------------------------------------------------------------------

Paths for end point XLXI_4/state_1 (SLICE_X50Y74.BX), 1 path
--------------------------------------------------------------------------------
Slack (hold path):      0.971ns (requirement - (clock path skew + uncertainty - data path))
  Source:               XLXI_4/nextState_1 (FF)
  Destination:          XLXI_4/state_1 (FF)
  Requirement:          0.000ns
  Data Path Delay:      0.972ns (Levels of Logic = 0)
  Clock Path Skew:      0.001ns (0.072 - 0.071)
  Source Clock:         Clk_50MHz_BUFGP rising at 20.000ns
  Destination Clock:    Clk_50MHz_BUFGP rising at 20.000ns
  Clock Uncertainty:    0.000ns

  Minimum Data Path: XLXI_4/nextState_1 to XLXI_4/state_1
    Location             Delay type         Delay(ns)  Physical Resource
                                                       Logical Resource(s)
    -------------------------------------------------  -------------------
    SLICE_X48Y75.XQ      Tcko                  0.474   XLXI_4/nextState<1>
                                                       XLXI_4/nextState_1
    SLICE_X50Y74.BX      net (fanout=1)        0.364   XLXI_4/nextState<1>
    SLICE_X50Y74.CLK     Tckdi       (-Th)    -0.134   XLXI_4/state<1>
                                                       XLXI_4/state_1
    -------------------------------------------------  ---------------------------
    Total                                      0.972ns (0.608ns logic, 0.364ns route)
                                                       (62.6% logic, 37.4% route)

--------------------------------------------------------------------------------

Paths for end point XLXI_4/state_3 (SLICE_X48Y77.BX), 1 path
--------------------------------------------------------------------------------
Slack (hold path):      0.972ns (requirement - (clock path skew + uncertainty - data path))
  Source:               XLXI_4/nextState_3 (FF)
  Destination:          XLXI_4/state_3 (FF)
  Requirement:          0.000ns
  Data Path Delay:      0.972ns (Levels of Logic = 0)
  Clock Path Skew:      0.000ns
  Source Clock:         Clk_50MHz_BUFGP rising at 20.000ns
  Destination Clock:    Clk_50MHz_BUFGP rising at 20.000ns
  Clock Uncertainty:    0.000ns

  Minimum Data Path: XLXI_4/nextState_3 to XLXI_4/state_3
    Location             Delay type         Delay(ns)  Physical Resource
                                                       Logical Resource(s)
    -------------------------------------------------  -------------------
    SLICE_X48Y76.XQ      Tcko                  0.474   XLXI_4/nextState<3>
                                                       XLXI_4/nextState_3
    SLICE_X48Y77.BX      net (fanout=1)        0.364   XLXI_4/nextState<3>
    SLICE_X48Y77.CLK     Tckdi       (-Th)    -0.134   XLXI_4/state<3>
                                                       XLXI_4/state_3
    -------------------------------------------------  ---------------------------
    Total                                      0.972ns (0.608ns logic, 0.364ns route)
                                                       (62.6% logic, 37.4% route)

--------------------------------------------------------------------------------

Paths for end point XLXI_3/XLXI_96/I_Transc/regMISO_1 (SLICE_X15Y81.BX), 1 path
--------------------------------------------------------------------------------
Slack (hold path):      0.976ns (requirement - (clock path skew + uncertainty - data path))
  Source:               XLXI_3/XLXI_96/I_Transc/regMISO_0 (FF)
  Destination:          XLXI_3/XLXI_96/I_Transc/regMISO_1 (FF)
  Requirement:          0.000ns
  Data Path Delay:      0.976ns (Levels of Logic = 0)
  Clock Path Skew:      0.000ns
  Source Clock:         Clk_50MHz_BUFGP rising at 20.000ns
  Destination Clock:    Clk_50MHz_BUFGP rising at 20.000ns
  Clock Uncertainty:    0.000ns

  Minimum Data Path: XLXI_3/XLXI_96/I_Transc/regMISO_0 to XLXI_3/XLXI_96/I_Transc/regMISO_1
    Location             Delay type         Delay(ns)  Physical Resource
                                                       Logical Resource(s)
    -------------------------------------------------  -------------------
    SLICE_X15Y81.YQ      Tcko                  0.470   XLXI_3/XLXI_96/I_Transc/regMISO<1>
                                                       XLXI_3/XLXI_96/I_Transc/regMISO_0
    SLICE_X15Y81.BX      net (fanout=7)        0.413   XLXI_3/XLXI_96/I_Transc/regMISO<0>
    SLICE_X15Y81.CLK     Tckdi       (-Th)    -0.093   XLXI_3/XLXI_96/I_Transc/regMISO<1>
                                                       XLXI_3/XLXI_96/I_Transc/regMISO_1
    -------------------------------------------------  ---------------------------
    Total                                      0.976ns (0.563ns logic, 0.413ns route)
                                                       (57.7% logic, 42.3% route)

--------------------------------------------------------------------------------

Component Switching Limit Checks: NET "Clk_50MHz_BUFGP/IBUFG" PERIOD = 20 ns HIGH 50%;
--------------------------------------------------------------------------------
Slack: 16.824ns (period - (min low pulse limit / (low pulse / period)))
  Period: 20.000ns
  Low pulse: 10.000ns
  Low pulse limit: 1.588ns (Tbpwl)
  Physical resource: XLXI_3/XLXI_89/Mram_BRAM/CLKA
  Logical resource: XLXI_3/XLXI_89/Mram_BRAM.A/CLKA
  Location pin: RAMB16_X1Y8.CLKA
  Clock network: Clk_50MHz_BUFGP
--------------------------------------------------------------------------------
Slack: 16.824ns (period - (min high pulse limit / (high pulse / period)))
  Period: 20.000ns
  High pulse: 10.000ns
  High pulse limit: 1.588ns (Tbpwh)
  Physical resource: XLXI_3/XLXI_89/Mram_BRAM/CLKA
  Logical resource: XLXI_3/XLXI_89/Mram_BRAM.A/CLKA
  Location pin: RAMB16_X1Y8.CLKA
  Clock network: Clk_50MHz_BUFGP
--------------------------------------------------------------------------------
Slack: 16.824ns (period - min period limit)
  Period: 20.000ns
  Min period limit: 3.176ns (314.861MHz) (Tbp)
  Physical resource: XLXI_3/XLXI_89/Mram_BRAM/CLKA
  Logical resource: XLXI_3/XLXI_89/Mram_BRAM.A/CLKA
  Location pin: RAMB16_X1Y8.CLKA
  Clock network: Clk_50MHz_BUFGP
--------------------------------------------------------------------------------


All constraints were met.


Data Sheet report:
-----------------
All values displayed in nanoseconds (ns)

Clock to Setup on destination clock Clk_50MHz
---------------+---------+---------+---------+---------+
               | Src:Rise| Src:Fall| Src:Rise| Src:Fall|
Source Clock   |Dest:Rise|Dest:Rise|Dest:Fall|Dest:Fall|
---------------+---------+---------+---------+---------+
Clk_50MHz      |   13.349|         |         |         |
---------------+---------+---------+---------+---------+


Timing summary:
---------------

Timing errors: 0  Score: 0  (Setup/Max: 0, Hold: 0)

Constraints cover 74941 paths, 0 nets, and 7369 connections

Design statistics:
   Minimum period:  13.349ns{1}   (Maximum frequency:  74.912MHz)


------------------------------------Footnotes-----------------------------------
1)  The minimum period statistic assumes all single cycle delays.

Analysis completed Fri Mar 29 20:31:25 2024 
--------------------------------------------------------------------------------

Trace Settings:
-------------------------
Trace Settings 

Peak Memory Usage: 364 MB



